// Jest Snapshot v1, https://goo.gl/fbAQLP

exports[`FlagLinkComponent.vue Renders a card with a link 1`] = `
<div class="v-card v-sheet theme--light elevation-4"><a href="#/" aria-current="page" class="router-link-exact-active router-link-active">
    <div class="v-image v-responsive theme--light">
      <div class="v-responsive__sizer" style="padding-bottom: 56.25%;"></div>
      <div class="v-responsive__content"></div>
    </div>
  </a></div>
`;
